Archive member included to satisfy reference by file (symbol)

..\CMSIS-4.5.0\CMSIS-4.5.0\CMSIS\Lib\GCC\libarm_cortexM3l_math.a(arm_fir_init_f32.o)
                              obj\release\src\filter_cmsis.o (arm_fir_init_f32)
..\CMSIS-4.5.0\CMSIS-4.5.0\CMSIS\Lib\GCC\libarm_cortexM3l_math.a(arm_fir_f32.o)
                              obj\release\src\filter_cmsis.o (arm_fir_f32)
c:/program files (x86)/embitz/1.11/share/em_armgcc/bin/../lib/gcc/arm-none-eabi/5.4.1/armv7-m\libgcc.a(_arm_addsubdf3.o)
                              obj\release\src\io_routines.o (__aeabi_dsub)
c:/program files (x86)/embitz/1.11/share/em_armgcc/bin/../lib/gcc/arm-none-eabi/5.4.1/armv7-m\libgcc.a(_arm_muldivdf3.o)
                              obj\release\src\filter_noise_reduction.o (__aeabi_dmul)
c:/program files (x86)/embitz/1.11/share/em_armgcc/bin/../lib/gcc/arm-none-eabi/5.4.1/armv7-m\libgcc.a(_arm_fixunsdfsi.o)
                              obj\release\src\io_routines.o (__aeabi_d2uiz)
c:/program files (x86)/embitz/1.11/share/em_armgcc/bin/../lib/gcc/arm-none-eabi/5.4.1/armv7-m\libgcc.a(_arm_truncdfsf2.o)
                              obj\release\src\filter_noise_reduction.o (__aeabi_d2f)
c:/program files (x86)/embitz/1.11/share/em_armgcc/bin/../lib/gcc/arm-none-eabi/5.4.1/armv7-m\libgcc.a(_arm_addsubsf3.o)
                              obj\release\src\filter_noise_reduction.o (__aeabi_fsub)
c:/program files (x86)/embitz/1.11/share/em_armgcc/bin/../lib/gcc/arm-none-eabi/5.4.1/armv7-m\libgcc.a(_arm_muldivsf3.o)
                              obj\release\src\filter_noise_reduction.o (__aeabi_fmul)
c:/program files (x86)/embitz/1.11/share/em_armgcc/bin/../lib/gcc/arm-none-eabi/5.4.1/../../../../arm-none-eabi/lib/armv7-m\libg_n.a(lib_a-exit.o)
                              c:/program files (x86)/embitz/1.11/share/em_armgcc/bin/../lib/gcc/arm-none-eabi/5.4.1/../../../../arm-none-eabi/lib/armv7-m/crt0.o (exit)
c:/program files (x86)/embitz/1.11/share/em_armgcc/bin/../lib/gcc/arm-none-eabi/5.4.1/../../../../arm-none-eabi/lib/armv7-m\libg_n.a(lib_a-impure.o)
                              c:/program files (x86)/embitz/1.11/share/em_armgcc/bin/../lib/gcc/arm-none-eabi/5.4.1/../../../../arm-none-eabi/lib/armv7-m\libg_n.a(lib_a-exit.o) (_global_impure_ptr)
c:/program files (x86)/embitz/1.11/share/em_armgcc/bin/../lib/gcc/arm-none-eabi/5.4.1/../../../../arm-none-eabi/lib/armv7-m\libg_n.a(lib_a-init.o)
                              c:/program files (x86)/embitz/1.11/share/em_armgcc/bin/../lib/gcc/arm-none-eabi/5.4.1/../../../../arm-none-eabi/lib/armv7-m/crt0.o (__libc_init_array)
c:/program files (x86)/embitz/1.11/share/em_armgcc/bin/../lib/gcc/arm-none-eabi/5.4.1/../../../../arm-none-eabi/lib/armv7-m\libg_n.a(lib_a-memset.o)
                              c:/program files (x86)/embitz/1.11/share/em_armgcc/bin/../lib/gcc/arm-none-eabi/5.4.1/../../../../arm-none-eabi/lib/armv7-m/crt0.o (memset)
c:/program files (x86)/embitz/1.11/share/em_armgcc/bin/../lib/gcc/arm-none-eabi/5.4.1/../../../../arm-none-eabi/lib/armv7-m\libnosys_s.a(_exit.o)
                              c:/program files (x86)/embitz/1.11/share/em_armgcc/bin/../lib/gcc/arm-none-eabi/5.4.1/../../../../arm-none-eabi/lib/armv7-m\libg_n.a(lib_a-exit.o) (_exit)

Allocating common symbols
Common symbol       size              file

S1                  0xc               obj\release\src\filter_cmsis_cw_nar.o
S                   0xc               obj\release\src\filter_cmsis.o
S_2                 0xc               obj\release\src\filter_cmsis2.o
S2                  0xc               obj\release\src\filter_cmsis_cw_nar2.o

Discarded input sections

 .text          0x00000000        0x0 c:/program files (x86)/embitz/1.11/share/em_armgcc/bin/../lib/gcc/arm-none-eabi/5.4.1/armv7-m/crti.o
 .data          0x00000000        0x0 c:/program files (x86)/embitz/1.11/share/em_armgcc/bin/../lib/gcc/arm-none-eabi/5.4.1/armv7-m/crti.o
 .bss           0x00000000        0x0 c:/program files (x86)/embitz/1.11/share/em_armgcc/bin/../lib/gcc/arm-none-eabi/5.4.1/armv7-m/crti.o
 .data          0x00000000        0x4 c:/program files (x86)/embitz/1.11/share/em_armgcc/bin/../lib/gcc/arm-none-eabi/5.4.1/armv7-m/crtbegin.o
 .data          0x00000000        0x0 c:/program files (x86)/embitz/1.11/share/em_armgcc/bin/../lib/gcc/arm-none-eabi/5.4.1/../../../../arm-none-eabi/lib/armv7-m/crt0.o
 .bss           0x00000000        0x0 c:/program files (x86)/embitz/1.11/share/em_armgcc/bin/../lib/gcc/arm-none-eabi/5.4.1/../../../../arm-none-eabi/lib/armv7-m/crt0.o
 .ARM.extab     0x00000000        0x0 c:/program files (x86)/embitz/1.11/share/em_armgcc/bin/../lib/gcc/arm-none-eabi/5.4.1/../../../../arm-none-eabi/lib/armv7-m/crt0.o
 .text          0x00000000        0x0 obj\release\spl\src\misc.o
 .data          0x00000000        0x0 obj\release\spl\src\misc.o
 .bss           0x00000000        0x0 obj\release\spl\src\misc.o
 .text.NVIC_PriorityGroupConfig
                0x00000000       0x14 obj\release\spl\src\misc.o
[...]
Memory Configuration

Name             Origin             Length             Attributes
ROM              0x08000000         0x00010000         xr
RAM              0x20000000         0x00005000         xrw
*default*        0x00000000         0xffffffff

Linker script and memory map

LOAD c:/program files (x86)/embitz/1.11/share/em_armgcc/bin/../lib/gcc/arm-none-eabi/5.4.1/armv7-m/crti.o
LOAD c:/program files (x86)/embitz/1.11/share/em_armgcc/bin/../lib/gcc/arm-none-eabi/5.4.1/armv7-m/crtbegin.o
LOAD c:/program files (x86)/embitz/1.11/share/em_armgcc/bin/../lib/gcc/arm-none-eabi/5.4.1/../../../../arm-none-eabi/lib/armv7-m/crt0.o
                0x00000000                __HEAP_SIZE = 0x0
                0x00000100                __STACK_SIZE = 0x100

.text           0x08000000     0x27b8
 *(.isr_vector)
 .isr_vector    0x08000000       0xec obj\release\src\startup_stm32f10x_md.o
                0x08000000                __isr_vector
 *(.text*)
 .text          0x080000ec       0x5c c:/program files (x86)/embitz/1.11/share/em_armgcc/bin/../lib/gcc/arm-none-eabi/5.4.1/armv7-m/crtbegin.o
 .text          0x08000148       0x74 c:/program files (x86)/embitz/1.11/share/em_armgcc/bin/../lib/gcc/arm-none-eabi/5.4.1/../../../../arm-none-eabi/lib/armv7-m/crt0.o
                0x08000148                _start
                0x08000148                _mainCRTStartup
 .text.NVIC_Init
                0x080001bc       0x6c obj\release\spl\src\misc.o
                0x080001bc                NVIC_Init
 .text.ADC_Init
                0x08000228       0x48 obj\release\spl\src\stm32f10x_adc.o
                0x08000228                ADC_Init
 .text.ADC_Cmd  0x08000270       0x14 obj\release\spl\src\stm32f10x_adc.o
                0x08000270                ADC_Cmd
 .text.ADC_SoftwareStartConvCmd
                0x08000284       0x14 obj\release\spl\src\stm32f10x_adc.o
                0x08000284                ADC_SoftwareStartConvCmd
 .text.ADC_RegularChannelConfig
                0x08000298       0x94 obj\release\spl\src\stm32f10x_adc.o
                0x08000298                ADC_RegularChannelConfig
 .text.ADC_GetConversionValue
                0x0800032c        0x8 obj\release\spl\src\stm32f10x_adc.o
                0x0800032c                ADC_GetConversionValue
 .text.ADC_GetFlagStatus
                0x08000334        0xc obj\release\spl\src\stm32f10x_adc.o
                0x08000334                ADC_GetFlagStatus
 .text.GPIO_Init
                0x08000340       0xcc obj\release\spl\src\stm32f10x_gpio.o
                0x08000340                GPIO_Init
 .text.GPIO_ReadInputDataBit
                0x0800040c        0xc obj\release\spl\src\stm32f10x_gpio.o
                0x0800040c                GPIO_ReadInputDataBit
 .text.GPIO_SetBits
                0x08000418        0x4 obj\release\spl\src\stm32f10x_gpio.o
                0x08000418                GPIO_SetBits
 .text.GPIO_ResetBits
                0x0800041c        0x4 obj\release\spl\src\stm32f10x_gpio.o
                0x0800041c                GPIO_ResetBits
 .text.RCC_APB2PeriphClockCmd
                0x08000420       0x1c obj\release\spl\src\stm32f10x_rcc.o
                0x08000420                RCC_APB2PeriphClockCmd
 .text.RCC_APB1PeriphClockCmd
                0x0800043c       0x1c obj\release\spl\src\stm32f10x_rcc.o
                0x0800043c                RCC_APB1PeriphClockCmd
 .text.TIM_TimeBaseInit
                0x08000458       0xa4 obj\release\spl\src\stm32f10x_tim.o
                0x08000458                TIM_TimeBaseInit
 .text.TIM_OC1Init
                0x080004fc       0x90 obj\release\spl\src\stm32f10x_tim.o
                0x080004fc                TIM_OC1Init
 .text.TIM_Cmd  0x0800058c       0x1c obj\release\spl\src\stm32f10x_tim.o
                0x0800058c                TIM_Cmd
 .text.TIM_DMACmd
                0x080005a8       0x14 obj\release\spl\src\stm32f10x_tim.o
                0x080005a8                TIM_DMACmd
 .text.TIM_ITConfig
                0x080005bc        0x4 obj\release\spl\src\stm32f10x_tim.o
                0x080005bc                TIM_ITConfig
 .text.TIM_OC1PreloadConfig
                0x080005c0       0x10 obj\release\spl\src\stm32f10x_tim.o
                0x080005c0                TIM_OC1PreloadConfig
 .text.TIM_GetITStatus
                0x080005d0       0x18 obj\release\spl\src\stm32f10x_tim.o
                0x080005d0                TIM_GetITStatus
 .text.TIM_ClearITPendingBit
                0x080005e8        0x8 obj\release\spl\src\stm32f10x_tim.o
                0x080005e8                TIM_ClearITPendingBit
 .text.init_firFilter1_cmsis
                0x080005f0       0x28 obj\release\src\filter_cmsis.o
                0x080005f0                init_firFilter1_cmsis
 .text.firFilter1_cmsis
                0x08000618       0x20 obj\release\src\filter_cmsis.o
                0x08000618                firFilter1_cmsis
 .text.init_firFilter2_cmsis
                0x08000638       0x28 obj\release\src\filter_cmsis2.o
                0x08000638                init_firFilter2_cmsis
 .text.firFilter2_cmsis
                0x08000660       0x20 obj\release\src\filter_cmsis2.o
                0x08000660                firFilter2_cmsis
 .text.init_firFilter1_cmsis_cw_nar
                0x08000680       0x28 obj\release\src\filter_cmsis_cw_nar.o
                0x08000680                init_firFilter1_cmsis_cw_nar
 .text.firFilter1_cmsis_cw_nar
                0x080006a8       0x20 obj\release\src\filter_cmsis_cw_nar.o
                0x080006a8                firFilter1_cmsis_cw_nar
 .text.init_firFilter2_cmsis_cw_nar
                0x080006c8       0x28 obj\release\src\filter_cmsis_cw_nar2.o
                0x080006c8                init_firFilter2_cmsis_cw_nar
 .text.firFilter2_cmsis_cw_nar
                0x080006f0       0x20 obj\release\src\filter_cmsis_cw_nar2.o
                0x080006f0                firFilter2_cmsis_cw_nar
 .text.fnrFilter_n
                0x08000710       0x40 obj\release\src\filter_noise_reduction.o
                0x08000710                fnrFilter_n
 .text.fnrFilter_n_Average
                0x08000750       0x78 obj\release\src\filter_noise_reduction.o
                0x08000750                fnrFilter_n_Average
 .text.PWM_Setup
                0x080007c8       0xd8 obj\release\src\io_routines.o
                0x080007c8                PWM_Setup
 .text.PWM_Write
                0x080008a0        0x8 obj\release\src\io_routines.o
                0x080008a0                PWM_Write
 .text.ADC_Setup
                0x080008a8       0x6c obj\release\src\io_routines.o
                0x080008a8                ADC_Setup
 .text.ADC_Read
                0x08000914       0x24 obj\release\src\io_routines.o
                0x08000914                ADC_Read
 .text.GPIO_Setup
                0x08000938       0x58 obj\release\src\io_routines.o
                0x08000938                GPIO_Setup
 .text.SysTick_Handler
                0x08000990       0x14 obj\release\src\io_routines.o
                0x08000990                SysTick_Handler
 .text.DelayInit
                0x080009a4       0x3c obj\release\src\io_routines.o
                0x080009a4                DelayInit
 .text.DelayMs  0x080009e0       0x20 obj\release\src\io_routines.o
                0x080009e0                DelayMs
 .text.inputConvert
                0x08000a00       0x44 obj\release\src\io_routines.o
                0x08000a00                inputConvert
 *fill*         0x08000a44        0x4 
 .text.outputConvert
                0x08000a48       0x44 obj\release\src\io_routines.o
                0x08000a48                outputConvert
 .text.blinkDiode
                0x08000a8c       0x2c obj\release\src\main.o
                0x08000a8c                blinkDiode
 .text.decodeFilterStatus
                0x08000ab8       0xec obj\release\src\main.o
                0x08000ab8                decodeFilterStatus
 .text.chekUserActions
                0x08000ba4       0x84 obj\release\src\main.o
                0x08000ba4                chekUserActions
 .text.startup.main
                0x08000c28       0x30 obj\release\src\main.o
                0x08000c28                main
 .text.TIM3_IRQHandler
                0x08000c58       0xf0 obj\release\src\main.o
                0x08000c58                TIM3_IRQHandler
 .text          0x08000d48       0xb8 obj\release\src\startup_stm32f10x_md.o
                0x08000d48                Reset_Handler
                0x08000d8e                NMI_Handler
                0x08000d90                HardFault_Handler
                0x08000d92                MemManage_Handler
                0x08000d94                BusFault_Handler
                0x08000d96                UsageFault_Handler
                0x08000d98                SVC_Handler
                0x08000d9a                DebugMon_Handler
                0x08000d9c                PendSV_Handler
                0x08000da0                Default_Handler
                0x08000da2                WWDG_IRQHandler
                0x08000da4                PVD_IRQHandler
                0x08000da6                TAMPER_IRQHandler
                0x08000da8                RTC_IRQHandler
                0x08000daa                FLASH_IRQHandler
                0x08000dac                RCC_IRQHandler
                0x08000dae                EXTI0_IRQHandler
                0x08000db0                EXTI1_IRQHandler
                0x08000db2                EXTI2_IRQHandler
                0x08000db4                EXTI3_IRQHandler
                0x08000db6                EXTI4_IRQHandler
                0x08000db8                DMA1_Channel1_IRQHandler
                0x08000dba                DMA1_Channel2_IRQHandler
                0x08000dbc                DMA1_Channel3_IRQHandler
                0x08000dbe                DMA1_Channel4_IRQHandler
                0x08000dc0                DMA1_Channel5_IRQHandler
                0x08000dc2                DMA1_Channel6_IRQHandler
                0x08000dc4                DMA1_Channel7_IRQHandler
                0x08000dc6                ADC1_2_IRQHandler
                0x08000dc8                USB_HP_CAN1_TX_IRQHandler
                0x08000dca                USB_LP_CAN1_RX0_IRQHandler
                0x08000dcc                CAN1_RX1_IRQHandler
                0x08000dce                CAN1_SCE_IRQHandler
                0x08000dd0                EXTI9_5_IRQHandler
                0x08000dd2                TIM1_BRK_IRQHandler
                0x08000dd4                TIM1_UP_IRQHandler
                0x08000dd6                TIM1_TRG_COM_IRQHandler
                0x08000dd8                TIM1_CC_IRQHandler
                0x08000dda                TIM2_IRQHandler
                0x08000dde                TIM4_IRQHandler
                0x08000de0                I2C1_EV_IRQHandler
                0x08000de2                I2C1_ER_IRQHandler
                0x08000de4                I2C2_EV_IRQHandler
                0x08000de6                I2C2_ER_IRQHandler
                0x08000de8                SPI1_IRQHandler
                0x08000dea                SPI2_IRQHandler
                0x08000dec                USART1_IRQHandler
                0x08000dee                USART2_IRQHandler
                0x08000df0                USART3_IRQHandler
                0x08000df2                EXTI15_10_IRQHandler
                0x08000df4                RTCAlarm_IRQHandler
                0x08000df6                USBWakeUp_IRQHandler
 .text.SystemInit
                0x08000e00      0x104 obj\release\src\system_stm32f10x.o
                0x08000e00                SystemInit
 .text.SystemCoreClockUpdate
                0x08000f04       0x5c obj\release\src\system_stm32f10x.o
                0x08000f04                SystemCoreClockUpdate
 .text.arm_fir_init_f32
                0x08000f60       0x24 ..\CMSIS-4.5.0\CMSIS-4.5.0\CMSIS\Lib\GCC\libarm_cortexM3l_math.a(arm_fir_init_f32.o)
                0x08000f60                arm_fir_init_f32
 .text.arm_fir_f32
                0x08000f84      0x898 ..\CMSIS-4.5.0\CMSIS-4.5.0\CMSIS\Lib\GCC\libarm_cortexM3l_math.a(arm_fir_f32.o)
                0x08000f84                arm_fir_f32
 .text          0x0800181c      0x370 c:/program files (x86)/embitz/1.11/share/em_armgcc/bin/../lib/gcc/arm-none-eabi/5.4.1/armv7-m\libgcc.a(_arm_addsubdf3.o)
                0x0800181c                __aeabi_drsub
                0x08001824                __aeabi_dsub
                0x08001824                __subdf3
                0x08001828                __aeabi_dadd
                0x08001828                __adddf3
                0x08001aa0                __floatunsidf
                0x08001aa0                __aeabi_ui2d
                0x08001ac0                __floatsidf
                0x08001ac0                __aeabi_i2d
                0x08001ae4                __aeabi_f2d
                0x08001ae4                __extendsfdf2
                0x08001b20                __floatundidf
                0x08001b20                __aeabi_ul2d
                0x08001b30                __floatdidf
                0x08001b30                __aeabi_l2d
 .text          0x08001b8c      0x424 c:/program files (x86)/embitz/1.11/share/em_armgcc/bin/../lib/gcc/arm-none-eabi/5.4.1/armv7-m\libgcc.a(_arm_muldivdf3.o)
                0x08001b8c                __aeabi_dmul
                0x08001b8c                __muldf3
                0x08001de0                __divdf3
                0x08001de0                __aeabi_ddiv
 .text          0x08001fb0       0x40 c:/program files (x86)/embitz/1.11/share/em_armgcc/bin/../lib/gcc/arm-none-eabi/5.4.1/armv7-m\libgcc.a(_arm_fixunsdfsi.o)
                0x08001fb0                __aeabi_d2uiz
                0x08001fb0                __fixunsdfsi
 .text          0x08001ff0       0xa0 c:/program files (x86)/embitz/1.11/share/em_armgcc/bin/../lib/gcc/arm-none-eabi/5.4.1/armv7-m\libgcc.a(_arm_truncdfsf2.o)
                0x08001ff0                __truncdfsf2
                0x08001ff0                __aeabi_d2f
 .text          0x08002090      0x21c c:/program files (x86)/embitz/1.11/share/em_armgcc/bin/../lib/gcc/arm-none-eabi/5.4.1/armv7-m\libgcc.a(_arm_addsubsf3.o)
                0x08002090                __aeabi_frsub
                0x08002098                __subsf3
                0x08002098                __aeabi_fsub
                0x0800209c                __aeabi_fadd
                0x0800209c                __addsf3
                0x080021fc                __aeabi_ui2f
                0x080021fc                __floatunsisf
                0x08002204                __aeabi_i2f
                0x08002204                __floatsisf
                0x08002220                __aeabi_ul2f
                0x08002220                __floatundisf
                0x08002230                __aeabi_l2f
                0x08002230                __floatdisf
 .text          0x080022ac      0x2a0 c:/program files (x86)/embitz/1.11/share/em_armgcc/bin/../lib/gcc/arm-none-eabi/5.4.1/armv7-m\libgcc.a(_arm_muldivsf3.o)
                0x080022ac                __mulsf3
                0x080022ac                __aeabi_fmul
                0x08002414                __aeabi_fdiv
                0x08002414                __divsf3
 .text.exit     0x0800254c       0x28 c:/program files (x86)/embitz/1.11/share/em_armgcc/bin/../lib/gcc/arm-none-eabi/5.4.1/../../../../arm-none-eabi/lib/armv7-m\libg_n.a(lib_a-exit.o)
                0x0800254c                exit
 .text.__libc_init_array
                0x08002574       0x4c c:/program files (x86)/embitz/1.11/share/em_armgcc/bin/../lib/gcc/arm-none-eabi/5.4.1/../../../../arm-none-eabi/lib/armv7-m\libg_n.a(lib_a-init.o)
                0x08002574                __libc_init_array
 .text.memset   0x080025c0       0x10 c:/program files (x86)/embitz/1.11/share/em_armgcc/bin/../lib/gcc/arm-none-eabi/5.4.1/../../../../arm-none-eabi/lib/armv7-m\libg_n.a(lib_a-memset.o)
                0x080025c0                memset
 .text._exit    0x080025d0        0x2 c:/program files (x86)/embitz/1.11/share/em_armgcc/bin/../lib/gcc/arm-none-eabi/5.4.1/../../../../arm-none-eabi/lib/armv7-m\libnosys_s.a(_exit.o)
                0x080025d0                _exit
 *(.init)
 *fill*         0x080025d2        0x2 
 .init          0x080025d4        0x4 c:/program files (x86)/embitz/1.11/share/em_armgcc/bin/../lib/gcc/arm-none-eabi/5.4.1/armv7-m/crti.o
                0x080025d4                _init
 .init          0x080025d8        0x8 c:/program files (x86)/embitz/1.11/share/em_armgcc/bin/../lib/gcc/arm-none-eabi/5.4.1/armv7-m/crtn.o
 *(.fini)
 .fini          0x080025e0        0x4 c:/program files (x86)/embitz/1.11/share/em_armgcc/bin/../lib/gcc/arm-none-eabi/5.4.1/armv7-m/crti.o
                0x080025e0                _fini
 .fini          0x080025e4        0x8 c:/program files (x86)/embitz/1.11/share/em_armgcc/bin/../lib/gcc/arm-none-eabi/5.4.1/armv7-m/crtn.o
 *crtbegin.o(.ctors)
 *crtbegin?.o(.ctors)
 *(EXCLUDE_FILE(*crtend.o *crtend?.o) .ctors)
 *(SORT(.ctors.*))
 *(.ctors)
 *crtbegin.o(.dtors)
 *crtbegin?.o(.dtors)
 *(EXCLUDE_FILE(*crtend.o *crtend?.o) .dtors)
 *(SORT(.dtors.*))
 *(.dtors)
 *(.rodata*)
 .rodata.firCoeffs32
                0x080025ec       0x2c obj\release\src\filter_cmsis.o
                0x080025ec                firCoeffs32
 .rodata.firCoeffs32_2
                0x08002618       0x24 obj\release\src\filter_cmsis2.o
                0x08002618                firCoeffs32_2
 .rodata.firCoeffs32_cw_nar
                0x0800263c       0xcc obj\release\src\filter_cmsis_cw_nar.o
                0x0800263c                firCoeffs32_cw_nar
 .rodata.firCoeffs32_cw_nar2
                0x08002708       0xa4 obj\release\src\filter_cmsis_cw_nar2.o
                0x08002708                firCoeffs32_cw_nar2
 .rodata.str1.1
                0x080027ac        0x2 c:/program files (x86)/embitz/1.11/share/em_armgcc/bin/../lib/gcc/arm-none-eabi/5.4.1/../../../../arm-none-eabi/lib/armv7-m\libg_n.a(lib_a-impure.o)
 *fill*         0x080027ae        0x2 
 .rodata._global_impure_ptr
                0x080027b0        0x4 c:/program files (x86)/embitz/1.11/share/em_armgcc/bin/../lib/gcc/arm-none-eabi/5.4.1/../../../../arm-none-eabi/lib/armv7-m\libg_n.a(lib_a-impure.o)
                0x080027b0                _global_impure_ptr
 *(.eh_frame*)
 .eh_frame      0x080027b4        0x0 c:/program files (x86)/embitz/1.11/share/em_armgcc/bin/../lib/gcc/arm-none-eabi/5.4.1/armv7-m/crtbegin.o
 .eh_frame      0x080027b4        0x4 c:/program files (x86)/embitz/1.11/share/em_armgcc/bin/../lib/gcc/arm-none-eabi/5.4.1/armv7-m/crtend.o

.glue_7         0x080027b8        0x0
 .glue_7        0x080027b8        0x0 linker stubs

.glue_7t        0x080027b8        0x0
 .glue_7t       0x080027b8        0x0 linker stubs

.vfp11_veneer   0x080027b8        0x0
 .vfp11_veneer  0x080027b8        0x0 linker stubs

.v4_bx          0x080027b8        0x0
 .v4_bx         0x080027b8        0x0 linker stubs

.iplt           0x080027b8        0x0
 .iplt          0x080027b8        0x0 c:/program files (x86)/embitz/1.11/share/em_armgcc/bin/../lib/gcc/arm-none-eabi/5.4.1/armv7-m/crtbegin.o

.ARM.extab
 *(.ARM.extab* .gnu.linkonce.armextab.*)
                0x080027b8                __exidx_start = .

.ARM.exidx      0x080027b8        0x8
 *(.ARM.exidx* .gnu.linkonce.armexidx.*)
 .ARM.exidx     0x080027b8        0x8 c:/program files (x86)/embitz/1.11/share/em_armgcc/bin/../lib/gcc/arm-none-eabi/5.4.1/../../../../arm-none-eabi/lib/armv7-m/crt0.o
                0x080027c0                __exidx_end = .
                0x080027c0                __etext = .

.rel.dyn        0x080027c0        0x0
 .rel.iplt      0x080027c0        0x0 c:/program files (x86)/embitz/1.11/share/em_armgcc/bin/../lib/gcc/arm-none-eabi/5.4.1/armv7-m/crtbegin.o

.data           0x20000000       0x7c load address 0x080027c0
                0x20000000                __data_start__ = .
 *(vtable)
 *(.data*)
 .data.AHBPrescTable
                0x20000000       0x10 obj\release\src\system_stm32f10x.o
                0x20000000                AHBPrescTable
 .data.SystemCoreClock
                0x20000010        0x4 obj\release\src\system_stm32f10x.o
                0x20000010                SystemCoreClock
 .data.impure_data
                0x20000014       0x60 c:/program files (x86)/embitz/1.11/share/em_armgcc/bin/../lib/gcc/arm-none-eabi/5.4.1/../../../../arm-none-eabi/lib/armv7-m\libg_n.a(lib_a-impure.o)
                0x20000074                . = ALIGN (0x4)
                0x20000074                PROVIDE (__preinit_array_start, .)
 *(.preinit_array)
                0x20000074                PROVIDE (__preinit_array_end, .)
                0x20000074                . = ALIGN (0x4)
                0x20000074                PROVIDE (__init_array_start, .)
 *(SORT(.init_array.*))
 *(.init_array)
 .init_array    0x20000074        0x4 c:/program files (x86)/embitz/1.11/share/em_armgcc/bin/../lib/gcc/arm-none-eabi/5.4.1/armv7-m/crtbegin.o
                0x20000078                PROVIDE (__init_array_end, .)
                0x20000078                . = ALIGN (0x4)
                [!provide]                PROVIDE (__fini_array_start, .)
 *(SORT(.fini_array.*))
 *(.fini_array)
 .fini_array    0x20000078        0x4 c:/program files (x86)/embitz/1.11/share/em_armgcc/bin/../lib/gcc/arm-none-eabi/5.4.1/armv7-m/crtbegin.o
                [!provide]                PROVIDE (__fini_array_end, .)
                0x2000007c                . = ALIGN (0x4)
                0x2000007c                __data_end__ = .

.jcr            0x2000007c        0x0 load address 0x0800283c
 .jcr           0x2000007c        0x0 c:/program files (x86)/embitz/1.11/share/em_armgcc/bin/../lib/gcc/arm-none-eabi/5.4.1/armv7-m/crtbegin.o

.igot.plt       0x2000007c        0x0 load address 0x0800283c
 .igot.plt      0x2000007c        0x0 c:/program files (x86)/embitz/1.11/share/em_armgcc/bin/../lib/gcc/arm-none-eabi/5.4.1/armv7-m/crtbegin.o

.bss            0x2000007c      0x28c load address 0x0800283c
                0x2000007c                __bss_start__ = .
 *(.bss*)
 .bss           0x2000007c       0x1c c:/program files (x86)/embitz/1.11/share/em_armgcc/bin/../lib/gcc/arm-none-eabi/5.4.1/armv7-m/crtbegin.o
 .bss.firStateF32
                0x20000098       0x2c obj\release\src\filter_cmsis.o
 .bss.firStateF32_2
                0x200000c4       0x24 obj\release\src\filter_cmsis2.o
 .bss.firStateF32_cw_nar
                0x200000e8       0xcc obj\release\src\filter_cmsis_cw_nar.o
 .bss.firStateF32_cw_nar2
                0x200001b4       0xa4 obj\release\src\filter_cmsis_cw_nar2.o
 .bss.buffer    0x20000258       0x60 obj\release\src\filter_noise_reduction.o
 .bss.outwork_fn
                0x200002b8        0x4 obj\release\src\filter_noise_reduction.o
                0x200002b8                outwork_fn
 .bss.usTicks   0x200002bc        0x4 obj\release\src\io_routines.o
 .bss.sel_filter_0
                0x200002c0        0x2 obj\release\src\main.o
                0x200002c0                sel_filter_0
 .bss.sel_filter_1
                0x200002c2        0x2 obj\release\src\main.o
                0x200002c2                sel_filter_1
 .bss.sel_filter_2
                0x200002c4        0x2 obj\release\src\main.o
                0x200002c4                sel_filter_2
 .bss.sel_filter_3
                0x200002c6        0x2 obj\release\src\main.o
                0x200002c6                sel_filter_3
 .bss.FILTER0_STATUS
                0x200002c8        0x2 obj\release\src\main.o
                0x200002c8                FILTER0_STATUS
 .bss.FILTER1_STATUS
                0x200002ca        0x2 obj\release\src\main.o
                0x200002ca                FILTER1_STATUS
 .bss.FILTER2_STATUS
                0x200002cc        0x2 obj\release\src\main.o
                0x200002cc                FILTER2_STATUS
 .bss.FILTER3_STATUS
                0x200002ce        0x2 obj\release\src\main.o
                0x200002ce                FILTER3_STATUS
 .bss.adcValueF
                0x200002d0        0x4 obj\release\src\main.o
                0x200002d0                adcValueF
 .bss.adcValue  0x200002d4        0x2 obj\release\src\main.o
                0x200002d4                adcValue
 .bss.BYPASS    0x200002d6        0x2 obj\release\src\main.o
                0x200002d6                BYPASS
 *(COMMON)
 COMMON         0x200002d8        0xc obj\release\src\filter_cmsis.o
                0x200002d8                S
 COMMON         0x200002e4        0xc obj\release\src\filter_cmsis2.o
                0x200002e4                S_2
 COMMON         0x200002f0        0xc obj\release\src\filter_cmsis_cw_nar.o
                0x200002f0                S1
 COMMON         0x200002fc        0xc obj\release\src\filter_cmsis_cw_nar2.o
                0x200002fc                S2
                0x20000308                __bss_end__ = .

.heap           0x20000308        0x0
                0x20000308                __end__ = .
                0x20000308                end = __end__
 *(.heap*)
 .heap          0x20000308        0x0 obj\release\src\startup_stm32f10x_md.o
                0x20000308                __HeapLimit = .

.stack_dummy    0x20000308      0x100
 *(.stack)
 .stack         0x20000308      0x100 obj\release\src\startup_stm32f10x_md.o
                0x20005000                __StackTop = (ORIGIN (RAM) + LENGTH (RAM))
                0x20004f00                __StackLimit = (__StackTop - SIZEOF (.stack_dummy))
                0x20005000                PROVIDE (__stack, __StackTop)
                0x00000001                ASSERT ((__StackLimit >= __HeapLimit), region RAM overflowed with stack)
LOAD obj\release\spl\src\misc.o
LOAD obj\release\spl\src\stm32f10x_adc.o
LOAD obj\release\spl\src\stm32f10x_bkp.o
LOAD obj\release\spl\src\stm32f10x_can.o
LOAD obj\release\spl\src\stm32f10x_cec.o
LOAD obj\release\spl\src\stm32f10x_crc.o
LOAD obj\release\spl\src\stm32f10x_dac.o
LOAD obj\release\spl\src\stm32f10x_dbgmcu.o
LOAD obj\release\spl\src\stm32f10x_dma.o
LOAD obj\release\spl\src\stm32f10x_exti.o
LOAD obj\release\spl\src\stm32f10x_flash.o
LOAD obj\release\spl\src\stm32f10x_fsmc.o
LOAD obj\release\spl\src\stm32f10x_gpio.o
LOAD obj\release\spl\src\stm32f10x_i2c.o
LOAD obj\release\spl\src\stm32f10x_iwdg.o
LOAD obj\release\spl\src\stm32f10x_pwr.o
LOAD obj\release\spl\src\stm32f10x_rcc.o
LOAD obj\release\spl\src\stm32f10x_rtc.o
LOAD obj\release\spl\src\stm32f10x_sdio.o
LOAD obj\release\spl\src\stm32f10x_spi.o
LOAD obj\release\spl\src\stm32f10x_tim.o
LOAD obj\release\spl\src\stm32f10x_usart.o
LOAD obj\release\spl\src\stm32f10x_wwdg.o
LOAD obj\release\src\filter_cmsis.o
LOAD obj\release\src\filter_cmsis2.o
LOAD obj\release\src\filter_cmsis_cw_nar.o
LOAD obj\release\src\filter_cmsis_cw_nar2.o
LOAD obj\release\src\filter_noise_reduction.o
LOAD obj\release\src\io_routines.o
LOAD obj\release\src\main.o
LOAD obj\release\src\startup_stm32f10x_md.o
LOAD obj\release\src\system_stm32f10x.o
LOAD ..\CMSIS-4.5.0\CMSIS-4.5.0\CMSIS\Lib\GCC\libarm_cortexM3l_math.a
START GROUP
LOAD c:/program files (x86)/embitz/1.11/share/em_armgcc/bin/../lib/gcc/arm-none-eabi/5.4.1/armv7-m\libgcc.a
LOAD c:/program files (x86)/embitz/1.11/share/em_armgcc/bin/../lib/gcc/arm-none-eabi/5.4.1/../../../../arm-none-eabi/lib/armv7-m\libg_n.a
LOAD c:/program files (x86)/embitz/1.11/share/em_armgcc/bin/../lib/gcc/arm-none-eabi/5.4.1/../../../../arm-none-eabi/lib/armv7-m\libc_n.a
END GROUP
START GROUP
LOAD c:/program files (x86)/embitz/1.11/share/em_armgcc/bin/../lib/gcc/arm-none-eabi/5.4.1/armv7-m\libgcc.a
LOAD c:/program files (x86)/embitz/1.11/share/em_armgcc/bin/../lib/gcc/arm-none-eabi/5.4.1/../../../../arm-none-eabi/lib/armv7-m\libc_n.a
LOAD c:/program files (x86)/embitz/1.11/share/em_armgcc/bin/../lib/gcc/arm-none-eabi/5.4.1/../../../../arm-none-eabi/lib/armv7-m\libnosys_s.a
END GROUP
LOAD c:/program files (x86)/embitz/1.11/share/em_armgcc/bin/../lib/gcc/arm-none-eabi/5.4.1/armv7-m/crtend.o
LOAD c:/program files (x86)/embitz/1.11/share/em_armgcc/bin/../lib/gcc/arm-none-eabi/5.4.1/armv7-m/crtn.o
OUTPUT(bin\Release\RadioDSP_Fast.elf elf32-littlearm)

.ARM.attributes
                0x00000000       0x29
 .ARM.attributes
                0x00000000       0x1d c:/program files (x86)/embitz/1.11/share/em_armgcc/bin/../lib/gcc/arm-none-eabi/5.4.1/armv7-m/crti.o
 .ARM.attributes
                0x0000001d       0x2d c:/program files (x86)/embitz/1.11/share/em_armgcc/bin/../lib/gcc/arm-none-eabi/5.4.1/armv7-m/crtbegin.o
 .ARM.attributes
                0x0000004a       0x1b c:/program files (x86)/embitz/1.11/share/em_armgcc/bin/../lib/gcc/arm-none-eabi/5.4.1/../../../../arm-none-eabi/lib/armv7-m/crt0.o
 .ARM.attributes
                0x00000065       0x33 obj\release\spl\src\misc.o
 .ARM.attributes
                0x00000098       0x33 obj\release\spl\src\stm32f10x_adc.o
 .ARM.attributes
                0x000000cb       0x33 obj\release\spl\src\stm32f10x_gpio.o
 .ARM.attributes
                0x000000fe       0x33 obj\release\spl\src\stm32f10x_rcc.o
 .ARM.attributes
                0x00000131       0x33 obj\release\spl\src\stm32f10x_tim.o
 .ARM.attributes
                0x00000164       0x33 obj\release\src\filter_cmsis.o
 .ARM.attributes
                0x00000197       0x33 obj\release\src\filter_cmsis2.o
 .ARM.attributes
                0x000001ca       0x33 obj\release\src\filter_cmsis_cw_nar.o
 .ARM.attributes
                0x000001fd       0x33 obj\release\src\filter_cmsis_cw_nar2.o
 .ARM.attributes
                0x00000230       0x33 obj\release\src\filter_noise_reduction.o
 .ARM.attributes
                0x00000263       0x33 obj\release\src\io_routines.o
 .ARM.attributes
                0x00000296       0x33 obj\release\src\main.o
 .ARM.attributes
                0x000002c9       0x1b obj\release\src\startup_stm32f10x_md.o
 .ARM.attributes
                0x000002e4       0x33 obj\release\src\system_stm32f10x.o
 .ARM.attributes
                0x00000317       0x33 ..\CMSIS-4.5.0\CMSIS-4.5.0\CMSIS\Lib\GCC\libarm_cortexM3l_math.a(arm_fir_init_f32.o)
 .ARM.attributes
                0x0000034a       0x33 ..\CMSIS-4.5.0\CMSIS-4.5.0\CMSIS\Lib\GCC\libarm_cortexM3l_math.a(arm_fir_f32.o)
 .ARM.attributes
                0x0000037d       0x1d c:/program files (x86)/embitz/1.11/share/em_armgcc/bin/../lib/gcc/arm-none-eabi/5.4.1/armv7-m\libgcc.a(_arm_addsubdf3.o)
 .ARM.attributes
                0x0000039a       0x1d c:/program files (x86)/embitz/1.11/share/em_armgcc/bin/../lib/gcc/arm-none-eabi/5.4.1/armv7-m\libgcc.a(_arm_muldivdf3.o)
 .ARM.attributes
                0x000003b7       0x1d c:/program files (x86)/embitz/1.11/share/em_armgcc/bin/../lib/gcc/arm-none-eabi/5.4.1/armv7-m\libgcc.a(_arm_fixunsdfsi.o)
 .ARM.attributes
                0x000003d4       0x1d c:/program files (x86)/embitz/1.11/share/em_armgcc/bin/../lib/gcc/arm-none-eabi/5.4.1/armv7-m\libgcc.a(_arm_truncdfsf2.o)
 .ARM.attributes
                0x000003f1       0x1d c:/program files (x86)/embitz/1.11/share/em_armgcc/bin/../lib/gcc/arm-none-eabi/5.4.1/armv7-m\libgcc.a(_arm_addsubsf3.o)
 .ARM.attributes
                0x0000040e       0x1d c:/program files (x86)/embitz/1.11/share/em_armgcc/bin/../lib/gcc/arm-none-eabi/5.4.1/armv7-m\libgcc.a(_arm_muldivsf3.o)
 .ARM.attributes
                0x0000042b       0x2d c:/program files (x86)/embitz/1.11/share/em_armgcc/bin/../lib/gcc/arm-none-eabi/5.4.1/../../../../arm-none-eabi/lib/armv7-m\libg_n.a(lib_a-exit.o)
 .ARM.attributes
                0x00000458       0x2d c:/program files (x86)/embitz/1.11/share/em_armgcc/bin/../lib/gcc/arm-none-eabi/5.4.1/../../../../arm-none-eabi/lib/armv7-m\libg_n.a(lib_a-impure.o)
 .ARM.attributes
                0x00000485       0x2d c:/program files (x86)/embitz/1.11/share/em_armgcc/bin/../lib/gcc/arm-none-eabi/5.4.1/../../../../arm-none-eabi/lib/armv7-m\libg_n.a(lib_a-init.o)
 .ARM.attributes
                0x000004b2       0x2d c:/program files (x86)/embitz/1.11/share/em_armgcc/bin/../lib/gcc/arm-none-eabi/5.4.1/../../../../arm-none-eabi/lib/armv7-m\libg_n.a(lib_a-memset.o)
 .ARM.attributes
                0x000004df       0x2d c:/program files (x86)/embitz/1.11/share/em_armgcc/bin/../lib/gcc/arm-none-eabi/5.4.1/../../../../arm-none-eabi/lib/armv7-m\libnosys_s.a(_exit.o)
 .ARM.attributes
                0x0000050c       0x2d c:/program files (x86)/embitz/1.11/share/em_armgcc/bin/../lib/gcc/arm-none-eabi/5.4.1/armv7-m/crtend.o
 .ARM.attributes
                0x00000539       0x1d c:/program files (x86)/embitz/1.11/share/em_armgcc/bin/../lib/gcc/arm-none-eabi/5.4.1/armv7-m/crtn.o

.comment        0x00000000       0xde
 .comment       0x00000000       0x6e obj\release\spl\src\misc.o
                                 0x6f (size before relaxing)
 .comment       0x0000006e       0x6f obj\release\spl\src\stm32f10x_adc.o
 .comment       0x0000006e       0x6f obj\release\spl\src\stm32f10x_gpio.o
 .comment       0x0000006e       0x6f obj\release\spl\src\stm32f10x_rcc.o
 .comment       0x0000006e       0x6f obj\release\spl\src\stm32f10x_tim.o
 .comment       0x0000006e       0x6f obj\release\src\filter_cmsis.o
 .comment       0x0000006e       0x6f obj\release\src\filter_cmsis2.o
 .comment       0x0000006e       0x6f obj\release\src\filter_cmsis_cw_nar.o
 .comment       0x0000006e       0x6f obj\release\src\filter_cmsis_cw_nar2.o
 .comment       0x0000006e       0x6f obj\release\src\filter_noise_reduction.o
 .comment       0x0000006e       0x6f obj\release\src\io_routines.o
 .comment       0x0000006e       0x6f obj\release\src\main.o
 .comment       0x0000006e       0x6f obj\release\src\system_stm32f10x.o
 .comment       0x0000006e       0x70 ..\CMSIS-4.5.0\CMSIS-4.5.0\CMSIS\Lib\GCC\libarm_cortexM3l_math.a(arm_fir_init_f32.o)
                                 0x71 (size before relaxing)
 .comment       0x000000de       0x71 ..\CMSIS-4.5.0\CMSIS-4.5.0\CMSIS\Lib\GCC\libarm_cortexM3l_math.a(arm_fir_f32.o)

.debug_info     0x00000000     0x74de
 .debug_info    0x00000000      0x560 obj\release\spl\src\misc.o
 .debug_info    0x00000560      0xc2b obj\release\spl\src\stm32f10x_adc.o
 .debug_info    0x0000118b      0x891 obj\release\spl\src\stm32f10x_gpio.o
 .debug_info    0x00001a1c      0x946 obj\release\spl\src\stm32f10x_rcc.o
 .debug_info    0x00002362     0x234c obj\release\spl\src\stm32f10x_tim.o
 .debug_info    0x000046ae      0x23d obj\release\src\filter_cmsis.o
 .debug_info    0x000048eb      0x23f obj\release\src\filter_cmsis2.o
 .debug_info    0x00004b2a      0x23f obj\release\src\filter_cmsis_cw_nar.o
 .debug_info    0x00004d69      0x23f obj\release\src\filter_cmsis_cw_nar2.o
 .debug_info    0x00004fa8      0x1a2 obj\release\src\filter_noise_reduction.o
 .debug_info    0x0000514a     0x111b obj\release\src\io_routines.o
 .debug_info    0x00006265      0x823 obj\release\src\main.o
 .debug_info    0x00006a88       0x59 obj\release\src\startup_stm32f10x_md.o
 .debug_info    0x00006ae1      0x4c8 obj\release\src\system_stm32f10x.o
 .debug_info    0x00006fa9      0x1b1 ..\CMSIS-4.5.0\CMSIS-4.5.0\CMSIS\Lib\GCC\libarm_cortexM3l_math.a(arm_fir_init_f32.o)
 .debug_info    0x0000715a      0x384 ..\CMSIS-4.5.0\CMSIS-4.5.0\CMSIS\Lib\GCC\libarm_cortexM3l_math.a(arm_fir_f32.o)

.debug_abbrev   0x00000000     0x17f0
 .debug_abbrev  0x00000000      0x158 obj\release\spl\src\misc.o
 .debug_abbrev  0x00000158      0x1e8 obj\release\spl\src\stm32f10x_adc.o
 .debug_abbrev  0x00000340      0x202 obj\release\spl\src\stm32f10x_gpio.o
 .debug_abbrev  0x00000542      0x270 obj\release\spl\src\stm32f10x_rcc.o
 .debug_abbrev  0x000007b2      0x2c4 obj\release\spl\src\stm32f10x_tim.o
 .debug_abbrev  0x00000a76      0x136 obj\release\src\filter_cmsis.o
 .debug_abbrev  0x00000bac      0x136 obj\release\src\filter_cmsis2.o
 .debug_abbrev  0x00000ce2      0x136 obj\release\src\filter_cmsis_cw_nar.o
 .debug_abbrev  0x00000e18      0x136 obj\release\src\filter_cmsis_cw_nar2.o
 .debug_abbrev  0x00000f4e       0xf3 obj\release\src\filter_noise_reduction.o
 .debug_abbrev  0x00001041      0x2ff obj\release\src\io_routines.o
 .debug_abbrev  0x00001340      0x17c obj\release\src\main.o
 .debug_abbrev  0x000014bc       0x14 obj\release\src\startup_stm32f10x_md.o
 .debug_abbrev  0x000014d0      0x170 obj\release\src\system_stm32f10x.o
 .debug_abbrev  0x00001640       0xe8 ..\CMSIS-4.5.0\CMSIS-4.5.0\CMSIS\Lib\GCC\libarm_cortexM3l_math.a(arm_fir_init_f32.o)
 .debug_abbrev  0x00001728       0xc8 ..\CMSIS-4.5.0\CMSIS-4.5.0\CMSIS\Lib\GCC\libarm_cortexM3l_math.a(arm_fir_f32.o)

.debug_loc      0x00000000     0x510b
 .debug_loc     0x00000000      0x193 obj\release\spl\src\misc.o
 .debug_loc     0x00000193      0x9cd obj\release\spl\src\stm32f10x_adc.o
 .debug_loc     0x00000b60      0x569 obj\release\spl\src\stm32f10x_gpio.o
 .debug_loc     0x000010c9      0x726 obj\release\spl\src\stm32f10x_rcc.o
 .debug_loc     0x000017ef     0x1d7f obj\release\spl\src\stm32f10x_tim.o
 .debug_loc     0x0000356e       0x2f obj\release\src\filter_cmsis.o
 .debug_loc     0x0000359d       0x2f obj\release\src\filter_cmsis2.o
 .debug_loc     0x000035cc       0x2f obj\release\src\filter_cmsis_cw_nar.o
 .debug_loc     0x000035fb       0x2f obj\release\src\filter_cmsis_cw_nar2.o
 .debug_loc     0x0000362a      0x130 obj\release\src\filter_noise_reduction.o
 .debug_loc     0x0000375a       0xf6 obj\release\src\io_routines.o
 .debug_loc     0x00003850       0xe9 obj\release\src\main.o
 .debug_loc     0x00003939       0xbc obj\release\src\system_stm32f10x.o
 .debug_loc     0x000039f5       0xb6 ..\CMSIS-4.5.0\CMSIS-4.5.0\CMSIS\Lib\GCC\libarm_cortexM3l_math.a(arm_fir_init_f32.o)
 .debug_loc     0x00003aab     0x1660 ..\CMSIS-4.5.0\CMSIS-4.5.0\CMSIS\Lib\GCC\libarm_cortexM3l_math.a(arm_fir_f32.o)

.debug_aranges  0x00000000      0x808
 .debug_aranges
                0x00000000       0x40 obj\release\spl\src\misc.o
 .debug_aranges
                0x00000040      0x138 obj\release\spl\src\stm32f10x_adc.o
 .debug_aranges
                0x00000178       0xa8 obj\release\spl\src\stm32f10x_gpio.o
 .debug_aranges
                0x00000220      0x118 obj\release\spl\src\stm32f10x_rcc.o
 .debug_aranges
                0x00000338      0x2d0 obj\release\spl\src\stm32f10x_tim.o
 .debug_aranges
                0x00000608       0x28 obj\release\src\filter_cmsis.o
 .debug_aranges
                0x00000630       0x28 obj\release\src\filter_cmsis2.o
 .debug_aranges
                0x00000658       0x28 obj\release\src\filter_cmsis_cw_nar.o
 .debug_aranges
                0x00000680       0x28 obj\release\src\filter_cmsis_cw_nar2.o
 .debug_aranges
                0x000006a8       0x28 obj\release\src\filter_noise_reduction.o
 .debug_aranges
                0x000006d0       0x70 obj\release\src\io_routines.o
 .debug_aranges
                0x00000740       0x40 obj\release\src\main.o
 .debug_aranges
                0x00000780       0x20 obj\release\src\startup_stm32f10x_md.o
 .debug_aranges
                0x000007a0       0x28 obj\release\src\system_stm32f10x.o
 .debug_aranges
                0x000007c8       0x20 ..\CMSIS-4.5.0\CMSIS-4.5.0\CMSIS\Lib\GCC\libarm_cortexM3l_math.a(arm_fir_init_f32.o)
 .debug_aranges
                0x000007e8       0x20 ..\CMSIS-4.5.0\CMSIS-4.5.0\CMSIS\Lib\GCC\libarm_cortexM3l_math.a(arm_fir_f32.o)

.debug_ranges   0x00000000      0x890
 .debug_ranges  0x00000000       0x30 obj\release\spl\src\misc.o
 .debug_ranges  0x00000030      0x128 obj\release\spl\src\stm32f10x_adc.o
 .debug_ranges  0x00000158       0x98 obj\release\spl\src\stm32f10x_gpio.o
 .debug_ranges  0x000001f0      0x128 obj\release\spl\src\stm32f10x_rcc.o
 .debug_ranges  0x00000318      0x3d8 obj\release\spl\src\stm32f10x_tim.o
 .debug_ranges  0x000006f0       0x18 obj\release\src\filter_cmsis.o
 .debug_ranges  0x00000708       0x18 obj\release\src\filter_cmsis2.o
 .debug_ranges  0x00000720       0x18 obj\release\src\filter_cmsis_cw_nar.o
 .debug_ranges  0x00000738       0x18 obj\release\src\filter_cmsis_cw_nar2.o
 .debug_ranges  0x00000750       0x18 obj\release\src\filter_noise_reduction.o
 .debug_ranges  0x00000768       0x98 obj\release\src\io_routines.o
 .debug_ranges  0x00000800       0x30 obj\release\src\main.o
 .debug_ranges  0x00000830       0x40 obj\release\src\system_stm32f10x.o
 .debug_ranges  0x00000870       0x10 ..\CMSIS-4.5.0\CMSIS-4.5.0\CMSIS\Lib\GCC\libarm_cortexM3l_math.a(arm_fir_init_f32.o)
 .debug_ranges  0x00000880       0x10 ..\CMSIS-4.5.0\CMSIS-4.5.0\CMSIS\Lib\GCC\libarm_cortexM3l_math.a(arm_fir_f32.o)

.debug_line     0x00000000     0x30b0
 .debug_line    0x00000000      0x1ae obj\release\spl\src\misc.o
 .debug_line    0x000001ae      0x4ac obj\release\spl\src\stm32f10x_adc.o
 .debug_line    0x0000065a      0x357 obj\release\spl\src\stm32f10x_gpio.o
 .debug_line    0x000009b1      0x42f obj\release\spl\src\stm32f10x_rcc.o
 .debug_line    0x00000de0      0xbe1 obj\release\spl\src\stm32f10x_tim.o
 .debug_line    0x000019c1      0x166 obj\release\src\filter_cmsis.o
 .debug_line    0x00001b27      0x167 obj\release\src\filter_cmsis2.o
 .debug_line    0x00001c8e      0x16f obj\release\src\filter_cmsis_cw_nar.o
 .debug_line    0x00001dfd      0x170 obj\release\src\filter_cmsis_cw_nar2.o
 .debug_line    0x00001f6d      0x165 obj\release\src\filter_noise_reduction.o
 .debug_line    0x000020d2      0x329 obj\release\src\io_routines.o
 .debug_line    0x000023fb      0x2e8 obj\release\src\main.o
 .debug_line    0x000026e3       0xa8 obj\release\src\startup_stm32f10x_md.o
 .debug_line    0x0000278b      0x1b1 obj\release\src\system_stm32f10x.o
 .debug_line    0x0000293c      0x14b ..\CMSIS-4.5.0\CMSIS-4.5.0\CMSIS\Lib\GCC\libarm_cortexM3l_math.a(arm_fir_init_f32.o)
 .debug_line    0x00002a87      0x629 ..\CMSIS-4.5.0\CMSIS-4.5.0\CMSIS\Lib\GCC\libarm_cortexM3l_math.a(arm_fir_f32.o)

.debug_str      0x00000000     0x24a5
 .debug_str     0x00000000      0x396 obj\release\spl\src\misc.o
                                0x3ea (size before relaxing)
 .debug_str     0x00000396      0x54a obj\release\spl\src\stm32f10x_adc.o
                                0x73e (size before relaxing)
 .debug_str     0x000008e0      0x353 obj\release\spl\src\stm32f10x_gpio.o
                                0x55c (size before relaxing)
 .debug_str     0x00000c33      0x412 obj\release\spl\src\stm32f10x_rcc.o
                                0x646 (size before relaxing)
 .debug_str     0x00001045      0xb69 obj\release\spl\src\stm32f10x_tim.o
                                0xe1c (size before relaxing)
 .debug_str     0x00001bae       0xb8 obj\release\src\filter_cmsis.o
                                0x25e (size before relaxing)
 .debug_str     0x00001c66       0x46 obj\release\src\filter_cmsis2.o
                                0x263 (size before relaxing)
 .debug_str     0x00001cac       0x5d obj\release\src\filter_cmsis_cw_nar.o
                                0x281 (size before relaxing)
 .debug_str     0x00001d09       0x60 obj\release\src\filter_cmsis_cw_nar2.o
                                0x284 (size before relaxing)
 .debug_str     0x00001d69       0x6f obj\release\src\filter_noise_reduction.o
                                0x205 (size before relaxing)
 .debug_str     0x00001dd8      0x3b9 obj\release\src\io_routines.o
                                0xc07 (size before relaxing)
 .debug_str     0x00002191      0x12c obj\release\src\main.o
                                0x5ae (size before relaxing)
 .debug_str     0x000022bd       0x62 obj\release\src\system_stm32f10x.o
                                0x318 (size before relaxing)
 .debug_str     0x0000231f      0x116 ..\CMSIS-4.5.0\CMSIS-4.5.0\CMSIS\Lib\GCC\libarm_cortexM3l_math.a(arm_fir_init_f32.o)
                                0x230 (size before relaxing)
 .debug_str     0x00002435       0x70 ..\CMSIS-4.5.0\CMSIS-4.5.0\CMSIS\Lib\GCC\libarm_cortexM3l_math.a(arm_fir_f32.o)
                                0x26b (size before relaxing)

.debug_frame    0x00000000     0x12e8
 .debug_frame   0x00000000       0x6c obj\release\spl\src\misc.o
 .debug_frame   0x0000006c      0x2c0 obj\release\spl\src\stm32f10x_adc.o
 .debug_frame   0x0000032c      0x1b0 obj\release\spl\src\stm32f10x_gpio.o
 .debug_frame   0x000004dc      0x228 obj\release\spl\src\stm32f10x_rcc.o
 .debug_frame   0x00000704      0x754 obj\release\spl\src\stm32f10x_tim.o
 .debug_frame   0x00000e58       0x48 obj\release\src\filter_cmsis.o
 .debug_frame   0x00000ea0       0x48 obj\release\src\filter_cmsis2.o
 .debug_frame   0x00000ee8       0x48 obj\release\src\filter_cmsis_cw_nar.o
 .debug_frame   0x00000f30       0x48 obj\release\src\filter_cmsis_cw_nar2.o
 .debug_frame   0x00000f78       0x4c obj\release\src\filter_noise_reduction.o
 .debug_frame   0x00000fc4      0x120 obj\release\src\io_routines.o
 .debug_frame   0x000010e4       0xb8 obj\release\src\main.o
 .debug_frame   0x0000119c       0x48 obj\release\src\system_stm32f10x.o
 .debug_frame   0x000011e4       0x2c ..\CMSIS-4.5.0\CMSIS-4.5.0\CMSIS\Lib\GCC\libarm_cortexM3l_math.a(arm_fir_init_f32.o)
 .debug_frame   0x00001210       0x44 ..\CMSIS-4.5.0\CMSIS-4.5.0\CMSIS\Lib\GCC\libarm_cortexM3l_math.a(arm_fir_f32.o)
 .debug_frame   0x00001254       0x28 c:/program files (x86)/embitz/1.11/share/em_armgcc/bin/../lib/gcc/arm-none-eabi/5.4.1/../../../../arm-none-eabi/lib/armv7-m\libg_n.a(lib_a-exit.o)
 .debug_frame   0x0000127c       0x2c c:/program files (x86)/embitz/1.11/share/em_armgcc/bin/../lib/gcc/arm-none-eabi/5.4.1/../../../../arm-none-eabi/lib/armv7-m\libg_n.a(lib_a-init.o)
 .debug_frame   0x000012a8       0x20 c:/program files (x86)/embitz/1.11/share/em_armgcc/bin/../lib/gcc/arm-none-eabi/5.4.1/../../../../arm-none-eabi/lib/armv7-m\libg_n.a(lib_a-memset.o)
 .debug_frame   0x000012c8       0x20 c:/program files (x86)/embitz/1.11/share/em_armgcc/bin/../lib/gcc/arm-none-eabi/5.4.1/../../../../arm-none-eabi/lib/armv7-m\libnosys_s.a(_exit.o)
